// Jest Snapshot v1, https://goo.gl/fbAQLP

exports[`renders 1`] = `
<DocumentFragment>
  <div
    class="all_books_wrapper css-hcdvcr"
  >
    <div
      class="title_wrapper"
    >
      <h1
        class="css-h2902l"
        data-testid="pageTitle"
      >
        All Available Books
      </h1>
    </div>
    <div
      class="all_books"
      data-testid="all_books"
    >
      <input
        class="css-13ywnoh-BookSearchField"
        placeholder="Search by Book Name"
        type="text"
        value=""
      />
    </div>
  </div>
</DocumentFragment>
`;
